[
    {"id":  "testingWorkflow1"},
    {"id":  "testingWorkflow2"}
]
